[picoctf.org/index.html]
[backblue.gif]
[fade.gif]
[index.html]
[picoctf.org/img/logos/picoctf-logo-og.png]
[picoctf.org/img/logos/picoctf-logo-social.png]
[picoctf.org/css/main409c.css]
[picoctf.org/css/font-awesome.min409c.css]
[picoctf.org/apple-touch-icon.png]
[picoctf.org/favicon-32x32.png]
[picoctf.org/favicon-16x16.png]
[picoctf.org/site.webmanifest]
[picoctf.org/safari-pinned-tab.svg]
[picoctf.org/js/jquery.min409c.js]
[picoctf.org/js/bootstrap.bundle.min409c.js]
[picoctf.org/js/autohide-navbar409c.js]
[picoctf.org/img/logos/picoctf-logo-horizontal-white.svg]
[picoctf.org/get_started.html]
[picoctf.org/resources.html]
[picoctf.org/community.html]
[picoctf.org/index-2.html]
[picoctf.org/competitions/past.html]
[picoctf.org/about.html]
[picoctf.org/sponsors.html]
[picoctf.org/contact.html]
[picoctf.org/img/logos/CMU-large.png]
[picoctf.org/img/logos/CMU-large-horizontal.png]
[picoctf.org/GenCyber/index.html]
[picoctf.org/competitions/2024-spring.html]
[connect.facebook.net/en_US/sdk.js]
[picoctf.org/img/photos/students2.jpg]
[picoctf.org/img/icons/learn.svg]
[picoctf.org/img/icons/practice.svg]
[picoctf.org/img/icons/compete.svg]
[picoctf.org/img/icons/ideas.svg]
[picoctf.org/img/photos/picogym.jpg]
[picoctf.org/img/icons/checklist.svg]
[picoctf.org/img/logos/facebook.png]
[picoctf.org/img/logos/twitter.png]
[picoctf.org/img/logos/discord.png]
[picoctf.org/img/sponsor/crl.png]
[picoctf.org/img/sponsor/CMU-Africa.png]
[picoctf.org/img/sponsor/forallsecure.png]
[picoctf.org/img/sponsor/boeing.png]
[picoctf.org/img/sponsor/ford.png]
[picoctf.org/img/sponsor/gm.jpg]
[picoctf.org/img/sponsor/sap.png]
[picoctf.org/img/sponsor/tcm.png]
[picoctf.org/img/sponsor/cisco.svg]
[picoctf.org/img/sponsor/nsa.svg]
[picoctf.org/img/sponsor/nsf.svg]
[picoctf.org/img/sponsor/cf-logo-v-rgb.png]
[picoctf.org/img/sponsor/ottersec.png]
[picoctf.org/img/sponsor/creative-tim.png]
[picoctf.org/img/logos/cmu.png]
[picoctf.org/img/logos/ini.png]
[picoctf.org/img/logos/cylab.png]
[picoctf.org/img/logos/ppp.png]
[picoctf.org/privacy.html]
[picoctf.org/terms.html]
[picoctf.org/index.html]
[picoctf.org/js/script.js]
[picoctf.org/img/banner/home-banner-bg.jpg]
[picoctf.org/img/banner/divider-bg.jpg]
[picoctf.org/img/banner/banner-bg2.jpg]
[picoctf.org/img/banner/alt-bg-top1.jpg]
[picoctf.org/img/banner/alt-bg-top2.jpg]
[picoctf.org/img/banner/alt-bg-top3.jpg]
[picoctf.org/img/photos/category-bg.png]
[picoctf.org/css/main409c.css]
[picoctf.org/webfonts/fa-brands-400.eot]
[picoctf.org/webfonts/fa-brands-400d41d.eot]
[picoctf.org/webfonts/fa-brands-400.woff2]
[picoctf.org/webfonts/fa-brands-400.woff]
[picoctf.org/webfonts/fa-brands-400.ttf]
[picoctf.org/webfonts/fa-brands-400.svg]
[picoctf.org/webfonts/fa-regular-400.eot]
[picoctf.org/webfonts/fa-regular-400d41d.eot]
[picoctf.org/webfonts/fa-regular-400.woff2]
[picoctf.org/webfonts/fa-regular-400.woff]
[picoctf.org/webfonts/fa-regular-400.ttf]
[picoctf.org/webfonts/fa-regular-400.svg]
[picoctf.org/webfonts/fa-solid-900.eot]
[picoctf.org/webfonts/fa-solid-900d41d.eot]
[picoctf.org/webfonts/fa-solid-900.woff2]
[picoctf.org/webfonts/fa-solid-900.woff]
[picoctf.org/webfonts/fa-solid-900.ttf]
[picoctf.org/css/font-awesome.min409c.css]
[picoctf.org/safari-pinned-tab.svg]
[picoctf.org/img/logos/picoctf-logo-horizontal-white.svg]
[picoctf.org/webfonts/fa-solid-900.svg]
[picoctf.org/css/main824d.css]
[picoctf.org/css/font-awesome.min824d.css]
[picoctf.org/css/bs-stepper.min824d.css]
[picoctf.org/js/jquery.min824d.js]
[picoctf.org/js/bootstrap.bundle.min824d.js]
[picoctf.org/js/autohide-navbar824d.js]
[picoctf.org/js/bs-stepper.min824d.js]
[picoctf.org/pdfs/PicoCTF_Brochure_4_2020.pdf]
[picoctf.org/get_started.html]
[picoctf.org/pdfs/student-flyer_v5_2021.pdf]
[picoctf.org/css/main3ec0.css]
[picoctf.org/css/font-awesome.min3ec0.css]
[picoctf.org/js/jquery.min3ec0.js]
[picoctf.org/js/bootstrap.bundle.min3ec0.js]
[picoctf.org/js/autohide-navbar3ec0.js]
[picoctf.org/learning_guides/Book-1-General-Skills.pdf]
[picoctf.org/learning_guides/Book-2-Cryptography.pdf]
[picoctf.org/learning_guides/Book-3-Web-Exploitation.pdf]
[picoctf.org/learning_guides/Book-4-Forensics.pdf]
[picoctf.org/learning_guides/Book-5-Binary-Exploitation.pdf]
[picoctf.org/resources.html]
[picoctf.org/learning_guides/Book-6-Reversing.pdf]
[picoctf.org/css/main9620.css]
[picoctf.org/css/font-awesome.min9620.css]
[picoctf.org/js/jquery.min9620.js]
[picoctf.org/js/bootstrap.bundle.min9620.js]
[picoctf.org/js/autohide-navbar9620.js]
[picoctf.org/img/icons/message.svg]
[picoctf.org/img/icons/class.png]
[picoctf.org/community.html]
[picoctf.org/index-2.html]
[picoctf.org/css/mainaae0.css]
[picoctf.org/css/font-awesome.minaae0.css]
[picoctf.org/js/jquery.minaae0.js]
[picoctf.org/js/bootstrap.bundle.minaae0.js]
[picoctf.org/js/autohide-navbaraae0.js]
[picoctf.org/img/photos/pico19-game.jpg]
[picoctf.org/img/photos/pico18-game.jpg]
[picoctf.org/data/scoreboard_us_2019-10-11-1200.csv]
[picoctf.org/data/scoreboard_ca_2019-10-11-1200.csv]
[picoctf.org/data/scoreboard_global_2019-10-11-1200.csv]
[picoctf.org/data/scoreboard_us_2018-10-12-1200.csv]
[picoctf.org/data/scoreboard_ca_2018-10-12-1200.csv]
[picoctf.org/competitions/past.html]
[picoctf.org/data/scoreboard_global_2018-10-12-1200.csv]
[picoctf.org/css/main55bf.css]
[picoctf.org/css/font-awesome.min55bf.css]
[picoctf.org/js/jquery.min55bf.js]
[picoctf.org/js/bootstrap.bundle.min55bf.js]
[picoctf.org/js/autohide-navbar55bf.js]
[picoctf.org/img/logos/pico-mark.svg]
[picoctf.org/img/category-diagram.png]
[picoctf.org/js/embed-ui.min.js]
[picoctf.org/img/photos/timeline.jpg]
[picoctf.org/research]
[picoctf.org/research-2.html]
[picoctf.org/img/people/mkearns.jpg]
[picoctf.org/img/people/ivan-liang.jpg]
[picoctf.org/img/people/luke-jones.jpg]
[picoctf.org/img/people/dustin-martin.jpg]
[picoctf.org/img/people/cranor.jpg]
[picoctf.org/img/people/dbrumley.jpg]
[picoctf.org/img/people/hhibshi.jpg]
[picoctf.org/img/people/mwoo.jpg]
[picoctf.org/img/people/scott-stevens.jpg]
[picoctf.org/img/people/tina-lian.jpg]
[picoctf.org/img/people/jacky-sun.jpg]
[picoctf.org/img/people/sion-chen.jpg]
[picoctf.org/img/people/snow-ye.jpg]
[picoctf.org/img/people/jerry-xie.jpg]
[picoctf.org/img/people/rnoone.jpg]
[picoctf.org/img/people/mlisanti.jpg]
[picoctf.org/img/people/rgent.jpg]
[picoctf.org/img/people/iglassmi.jpg]
[picoctf.org/img/people/danyelj.jpg]
[picoctf.org/img/people/default.png]
[picoctf.org/img/people/jay-bosamiya.jpg]
[picoctf.org/about.html]
[picoctf.org/css/maina366.css]
[picoctf.org/css/font-awesome.mina366.css]
[picoctf.org/js/jquery.mina366.js]
[picoctf.org/js/bootstrap.bundle.mina366.js]
[picoctf.org/js/autohide-navbara366.js]
[picoctf.org/pdfs/PicoCTF_Sponsorship_Flyer_2024.pdf]
[picoctf.org/img/photos/sponsor-bg-right2.jpg]
[picoctf.org/sponsors.html]
[picoctf.org/contact.html]
[picoctf.org/css/mainc924.css]
[picoctf.org/GenCyber/index-2.html]
[picoctf.org/css/font-awesome.minc924.css]
[picoctf.org/js/jquery.minc924.js]
[picoctf.org/js/bootstrap.bundle.minc924.js]
[picoctf.org/js/autohide-navbarc924.js]
[picoctf.org/GenCyber/index.html]
[picoctf.org/competitions/2024-spring.html]
[connect.facebook.net/en_US/sdk.js]
[picoctf.org/img/icons/learn.svg]
[picoctf.org/img/icons/practice.svg]
[picoctf.org/img/icons/compete.svg]
[picoctf.org/img/icons/ideas.svg]
[picoctf.org/img/icons/chart.svg]
[picoctf.org/img/icons/play.svg]
[picoctf.org/img/icons/calendar.svg]
[picoctf.org/img/icons/checklist.svg]
[picoctf.org/competitions/2024-spring-rules.html]
[picoctf.org/'https_/discord.com/invite/WQGdYaB']
[picoctf.org/discord.html]
[picoctf.org/img/sponsor/cisco.svg]
[picoctf.org/img/sponsor/nsa.svg]
[picoctf.org/img/sponsor/nsf.svg]
[picoctf.org/css/mainfb06.css]
[picoctf.org/css/font-awesome.minfb06.css]
[picoctf.org/js/jquery.minfb06.js]
[picoctf.org/js/bootstrap.bundle.minfb06.js]
[picoctf.org/js/autohide-navbarfb06.js]
[picoctf.org/terms]
[picoctf.org/privacy.html]
[picoctf.org/privacy]
[picoctf.org/terms.html]
[picoctf.org/webfonts/fa-brands-400.svg]
[picoctf.org/webfonts/fa-regular-400.svg]
[picoctf.org/webfonts/fa-solid-900.svg]
[picoctf.org/css/main824d.css]
[picoctf.org/css/font-awesome.min824d.css]
[picoctf.org/css/bs-stepper.min824d.css]
[picoctf.org/css/main3ec0.css]
[picoctf.org/css/font-awesome.min3ec0.css]
[picoctf.org/css/main9620.css]
[picoctf.org/css/font-awesome.min9620.css]
[picoctf.org/img/icons/message.svg]
[picoctf.org/css/mainaae0.css]
[picoctf.org/css/font-awesome.minaae0.css]
[picoctf.org/css/main55bf.css]
[picoctf.org/css/font-awesome.min55bf.css]
[picoctf.org/img/logos/pico-mark.svg]
[picoctf.org/research.html]
[picoctf.org/pdfs/FINAL_CISSE_paper.pdf]
[picoctf.org/research-2.html]
[picoctf.org/css/maina366.css]
[picoctf.org/css/font-awesome.mina366.css]
[picoctf.org/GenCyber/index-2.html]
[picoctf.org/css/mainc924.css]
[picoctf.org/css/font-awesome.minc924.css]
[picoctf.org/pdfs/picoCTF_report_June_2013.pdf]
[picoctf.org/css/main75a7.css]
[picoctf.org/css/font-awesome.min75a7.css]
[picoctf.org/js/jquery.min75a7.js]
[picoctf.org/js/bootstrap.bundle.min75a7.js]
[picoctf.org/js/autohide-navbar75a7.js]
[picoctf.org/competitions/2024-spring-rules.html]
[picoctf.org/'https_/discord.com/invite/WQGdYaB'.html]
[picoctf.org/css/mainfb06.css]
[picoctf.org/css/font-awesome.minfb06.css]
[picoctf.org/terms-2.html]
[picoctf.org/privacy-2.html]
[picoctf.org/css/main75a7.css]
[picoctf.org/css/font-awesome.min75a7.css]
